exports[`test renders the app root correctly 1`] = `
<View
  style={
    Object {
      "alignItems": "center",
      "bottom": 0,
      "flexDirection": "column",
      "justifyContent": "flex-start",
      "left": 0,
      "position": "absolute",
      "right": 0,
      "top": 0,
    }
  }>
  <View
    style={
      Object {
        "alignItems": "center",
        "alignSelf": "stretch",
        "backgroundColor": "rgb(44, 217, 222)",
        "flex": 1,
        "justifyContent": "center",
      }
    }>
    <Text
      accessible={true}
      allowFontScaling={true}
      ellipsizeMode="tail">
      Hello World
    </Text>
  </View>
</View>
`;
